#
# There is insufficient memory for the Java Runtime Environment to continue.
# Native memory allocation (mmap) failed to map 134217728 bytes. Error detail: G1 virtual space
# Possible reasons:
#   The system is out of physical RAM or swap space
#   This process is running with CompressedOops enabled, and the Java Heap may be blocking the growth of the native heap
# Possible solutions:
#   Reduce memory load on the system
#   Increase physical memory or swap space
#   Check if swap backing store is full
#   Decrease Java heap size (-Xmx/-Xms)
#   Decrease number of Java threads
#   Decrease Java thread stack sizes (-Xss)
#   Set larger code cache with -XX:ReservedCodeCacheSize=
#   JVM is running with Unscaled Compressed Oops mode in which the Java heap is
#     placed in the first 4GB address space. The Java Heap base address is the
#     maximum limit for the native heap growth. Please use -XX:HeapBaseMinAddress
#     to set the Java Heap base and to place the Java Heap above 4GB virtual address.
# This output file may be truncated or incomplete.
#
#  Out of Memory Error (os_windows.cpp:3564), pid=23352, tid=18192
#
# JRE version:  (24.0.2+12) (build )
# Java VM: Java HotSpot(TM) 64-Bit Server VM (24.0.2+12-54, mixed mode, sharing, tiered, compressed oops, compressed class ptrs, g1 gc, windows-amd64)
# No core dump will be written. Minidumps are not enabled by default on client versions of Windows
#

---------------  S U M M A R Y ------------

Command Line: -Dfile.encoding=UTF-8 -Dstdout.encoding=UTF-8 -Dstderr.encoding=UTF-8 -XX:+ShowCodeDetailsInExceptionMessages com.frandler.main.Main

Host: Intel(R) Core(TM) i5-4300U CPU @ 1.90GHz, 4 cores, 7G,  Windows 10 , 64 bit Build 19041 (10.0.19041.5915)
Time: Wed Oct 15 17:35:33 2025 Haiti Daylight Time elapsed time: 0.045590 seconds (0d 0h 0m 0s)

---------------  T H R E A D  ---------------

Current thread (0x0000013c2e9ba190):  JavaThread "Unknown thread" [_thread_in_vm, id=18192, stack(0x0000000dc8900000,0x0000000dc8a00000) (1024K)]

Stack: [0x0000000dc8900000,0x0000000dc8a00000]
Native frames: (J=compiled Java code, j=interpreted, Vv=VM code, C=native code)
V  [jvm.dll+0x730829]  (no source info available)
V  [jvm.dll+0x8d9da3]  (no source info available)
V  [jvm.dll+0x8dc28d]  (no source info available)
V  [jvm.dll+0x8dc903]  (no source info available)
V  [jvm.dll+0x2a9f56]  (no source info available)
V  [jvm.dll+0x72cd55]  (no source info available)
V  [jvm.dll+0x72066a]  (no source info available)
V  [jvm.dll+0x390b7a]  (no source info available)
V  [jvm.dll+0x398906]  (no source info available)
V  [jvm.dll+0x3850de]  (no source info available)
V  [jvm.dll+0x385398]  (no source info available)
V  [jvm.dll+0x35d10c]  (no source info available)
V  [jvm.dll+0x35ddcd]  (no source info available)
V  [jvm.dll+0x89d50f]  (no source info available)
V  [jvm.dll+0x3f979d]  (no source info available)
V  [jvm.dll+0x885b66]  (no source info available)
V  [jvm.dll+0x495e7e]  (no source info available)
V  [jvm.dll+0x497c51]  (no source info available)
C  [jli.dll+0x52a1]  (no source info available)
C  [ucrtbase.dll+0x21bb2]  (no source info available)
C  [KERNEL32.DLL+0x17374]  (no source info available)
C  [ntdll.dll+0x4cc91]  (no source info available)

Lock stack of current Java thread (top to bottom):


---------------  P R O C E S S  ---------------

Threads class SMR info:
_java_thread_list=0x00007ffd02adf318, length=0, elements={
}

Java Threads: ( => current thread )
Total: 0

Other Threads:
  0x0000013c30de3800 WorkerThread "GC Thread#0"                     [id=23964, stack(0x0000000dc8a00000,0x0000000dc8b00000) (1024K)]
  0x0000013c30df9e10 ConcurrentGCThread "G1 Main Marker"            [id=2708, stack(0x0000000dc8b00000,0x0000000dc8c00000) (1024K)]
  0x0000013c30dfa920 WorkerThread "G1 Conc#0"                       [id=16864, stack(0x0000000dc8c00000,0x0000000dc8d00000) (1024K)]

[error occurred during error reporting (printing all threads), id 0xc0000005, EXCEPTION_ACCESS_VIOLATION (0xc0000005) at pc=0x00007ffd0221138a]
VM state: not at safepoint (not fully initialized)

VM Mutex/Monitor currently owned by a thread:  ([mutex/lock_event])
[0x00007ffd02b645f0] Heap_lock - owner thread: 0x0000013c2e9ba190

Heap address: 0x0000000081600000, size: 2026 MB, Compressed Oops mode: 32-bit

CDS archive(s) mapped at: [0x0000000000000000-0x0000000000000000-0x0000000000000000), size 0, SharedBaseAddress: 0x0000000800000000, ArchiveRelocationMode: 1.
UseCompressedClassPointers 1, UseCompactObjectHeaders 0
Narrow klass pointer bits 32, Max shift 3
Narrow klass base: 0xffffffffffffffff, Narrow klass shift: -1
Encoding Range: [0xffffffffffffffff - 0x000000007fffffff), (2147483648 bytes)
Klass Range:    [0x0000000000000000 - 0x0000000000000000), (0 bytes)
Klass ID Range:  [4294967295 - 0) (1)

GC Precious Log:
 CardTable entry size: 512
 Card Set container configuration: InlinePtr #cards 5 size 8 Array Of Cards #cards 10 size 36 Howl #buckets 4 coarsen threshold 1843 Howl Bitmap #cards 512 size 80 coarsen threshold 460 Card regions per heap region 1 cards per card region 2048

Heap:
 garbage-first heap   total reserved 2074624K, committed 0K, used 0K [0x0000000081600000, 0x0000000100000000)
  region size 1024K, 0 young (0K), 0 survivors (0K)

[error occurred during error reporting (printing heap information), id 0xc0000005, EXCEPTION_ACCESS_VIOLATION (0xc0000005) at pc=0x00007ffd0262e679]
GC Heap History (0 events):
No events

Dll operation events (1 events):
Event: 0.012 Loaded shared library C:\Program Files\Java\jdk-24\bin\java.dll

Deoptimization events (0 events):
No events

Classes loaded (0 events):
No events

Classes unloaded (0 events):
No events

Classes redefined (0 events):
No events

Internal exceptions (0 events):
No events

VM Operations (0 events):
No events

Memory protections (0 events):
No events

Nmethod flushes (0 events):
No events

Events (0 events):
No events


Dynamic libraries:
0x00007ff79b560000 - 0x00007ff79b570000 	C:\Program Files\Java\jdk-24\bin\javaw.exe
0x00007ffd59cb0000 - 0x00007ffd59ea8000 	C:\Windows\SYSTEM32\ntdll.dll
0x00007ffd59010000 - 0x00007ffd590d2000 	C:\Windows\System32\KERNEL32.DLL
0x00007ffd579e0000 - 0x00007ffd57cd6000 	C:\Windows\System32\KERNELBASE.dll
0x00007ffd57630000 - 0x00007ffd57730000 	C:\Windows\System32\ucrtbase.dll
0x00007ffd519f0000 - 0x00007ffd51a06000 	C:\Program Files\Java\jdk-24\bin\jli.dll
0x00007ffd591b0000 - 0x00007ffd5934d000 	C:\Windows\System32\USER32.dll
0x00007ffd57490000 - 0x00007ffd574b2000 	C:\Windows\System32\win32u.dll
0x00007ffd59400000 - 0x00007ffd5942b000 	C:\Windows\System32\GDI32.dll
0x00007ffd574c0000 - 0x00007ffd575d9000 	C:\Windows\System32\gdi32full.dll
0x00007ffd577e0000 - 0x00007ffd5787d000 	C:\Windows\System32\msvcp_win.dll
0x00007ffd50d40000 - 0x00007ffd50d5b000 	C:\Program Files\Java\jdk-24\bin\VCRUNTIME140.dll
0x00007ffd4e000000 - 0x00007ffd4e29b000 	C:\Windows\WinSxS\amd64_microsoft.windows.common-controls_6595b64144ccf1df_6.0.19041.6280_none_60bc30a171f2f3f3\COMCTL32.dll
0x00007ffd58100000 - 0x00007ffd5819e000 	C:\Windows\System32\msvcrt.dll
0x00007ffd59180000 - 0x00007ffd591af000 	C:\Windows\System32\IMM32.DLL
0x00007ffd519e0000 - 0x00007ffd519ec000 	C:\Program Files\Java\jdk-24\bin\vcruntime140_1.dll
0x00007ffd28cb0000 - 0x00007ffd28d3e000 	C:\Program Files\Java\jdk-24\bin\msvcp140.dll
0x00007ffd01ea0000 - 0x00007ffd02c41000 	C:\Program Files\Java\jdk-24\bin\server\jvm.dll
0x00007ffd58040000 - 0x00007ffd580f1000 	C:\Windows\System32\ADVAPI32.dll
0x00007ffd590e0000 - 0x00007ffd5917f000 	C:\Windows\System32\sechost.dll
0x00007ffd58640000 - 0x00007ffd58760000 	C:\Windows\System32\RPCRT4.dll
0x00007ffd577b0000 - 0x00007ffd577d7000 	C:\Windows\System32\bcrypt.dll
0x00007ffd58430000 - 0x00007ffd5849b000 	C:\Windows\System32\WS2_32.dll
0x00007ffd571b0000 - 0x00007ffd571fb000 	C:\Windows\SYSTEM32\POWRPROF.dll
0x00007ffd4fa40000 - 0x00007ffd4fa67000 	C:\Windows\SYSTEM32\WINMM.dll
0x00007ffd522a0000 - 0x00007ffd522aa000 	C:\Windows\SYSTEM32\VERSION.dll
0x00007ffd57190000 - 0x00007ffd571a2000 	C:\Windows\SYSTEM32\UMPDC.dll
0x00007ffd551d0000 - 0x00007ffd551e2000 	C:\Windows\SYSTEM32\kernel.appcore.dll
0x00007ffd4be20000 - 0x00007ffd4be2a000 	C:\Program Files\Java\jdk-24\bin\jimage.dll
0x00007ffd49870000 - 0x00007ffd49a71000 	C:\Windows\SYSTEM32\DBGHELP.DLL
0x00007ffd397f0000 - 0x00007ffd39824000 	C:\Windows\SYSTEM32\dbgcore.DLL
0x00007ffd57400000 - 0x00007ffd57482000 	C:\Windows\System32\bcryptPrimitives.dll
0x00007ffd45f80000 - 0x00007ffd45f9e000 	C:\Program Files\Java\jdk-24\bin\java.dll
0x00007ffd58e70000 - 0x00007ffd58f9b000 	C:\Windows\System32\ole32.dll
0x00007ffd57ce0000 - 0x00007ffd58033000 	C:\Windows\System32\combase.dll
0x00007ffd59430000 - 0x00007ffd59ba0000 	C:\Windows\System32\SHELL32.dll

JVMTI agents: none

dbghelp: loaded successfully - version: 4.0.5 - missing functions: none
symbol engine: initialized successfully - sym options: 0x614 - pdb path: .;C:\Program Files\Java\jdk-24\bin;C:\Windows\SYSTEM32;C:\Windows\WinSxS\amd64_microsoft.windows.common-controls_6595b64144ccf1df_6.0.19041.6280_none_60bc30a171f2f3f3;C:\Program Files\Java\jdk-24\bin\server

VM Arguments:
jvm_args: -Dfile.encoding=UTF-8 -Dstdout.encoding=UTF-8 -Dstderr.encoding=UTF-8 -XX:+ShowCodeDetailsInExceptionMessages 
java_command: com.frandler.main.Main
java_class_path (initial): C:\Users\dell\TODO_LIST_RAM2\bin
Launcher Type: SUN_STANDARD

[Global flags]
     intx CICompilerCount                          = 3                                         {product} {ergonomic}
     uint ConcGCThreads                            = 1                                         {product} {ergonomic}
     uint G1ConcRefinementThreads                  = 4                                         {product} {ergonomic}
   size_t G1HeapRegionSize                         = 1048576                                   {product} {ergonomic}
   size_t InitialHeapSize                          = 134217728                                 {product} {ergonomic}
   size_t MarkStackSize                            = 4194304                                   {product} {ergonomic}
   size_t MarkStackSizeMax                         = 536870912                                 {product} {ergonomic}
   size_t MaxHeapSize                              = 2124414976                                {product} {ergonomic}
   size_t MinHeapDeltaBytes                        = 1048576                                   {product} {ergonomic}
   size_t MinHeapSize                              = 8388608                                   {product} {ergonomic}
    uintx NonNMethodCodeHeapSize                   = 5832704                                {pd product} {ergonomic}
    uintx NonProfiledCodeHeapSize                  = 122945536                              {pd product} {ergonomic}
    uintx ProfiledCodeHeapSize                     = 122880000                              {pd product} {ergonomic}
    uintx ReservedCodeCacheSize                    = 251658240                              {pd product} {ergonomic}
     bool SegmentedCodeCache                       = true                                      {product} {ergonomic}
     bool ShowCodeDetailsInExceptionMessages       = true                                   {manageable} {command line}
   size_t SoftMaxHeapSize                          = 2124414976                             {manageable} {ergonomic}
     bool UseCompressedOops                        = true                           {product lp64_product} {ergonomic}
     bool UseG1GC                                  = true                                      {product} {ergonomic}
     bool UseLargePagesIndividualAllocation        = false                                  {pd product} {ergonomic}

Logging:
Log output configuration:
 #0: stdout all=warning uptime,level,tags foldmultilines=false
 #1: stderr all=off uptime,level,tags foldmultilines=false

Environment Variables:
PATH=C:/eclipse-jee-2025-06-R-win32-x86_64/eclipse//plugins/org.eclipse.justj.openjdk.hotspot.jre.full.win32.x86_64_21.0.7.v20250502-0916/jre/bin/server;C:/eclipse-jee-2025-06-R-win32-x86_64/eclipse//plugins/org.eclipse.justj.openjdk.hotspot.jre.full.win32.x86_64_21.0.7.v20250502-0916/jre/bin;C:\Program Files\Common Files\Oracle\Java\javapath;C:\Windows\system32;C:\Windows;C:\Windows\System32\Wbem;C:\Windows\System32\WindowsPowerShell\v1.0\;C:\Windows\System32\OpenSSH\;C:\Program Files\Git\cmd;C:\Program Files\Python\Python312\Scripts;C:\Program Files\Python\Python312;C:\Users\dell\AppData\Local\Microsoft\WindowsApps;C:\Users\dell\AppData\Local\Programs\Microsoft VS Code\bin;C:\ffmpeg\bin;C:\Program Files\JetBrains\PyCharm Community Edition 2024.1.1\bin;;C:\Users\dell\AppData\Local\Programs\Python\Python310;C:\Users\dell\AppData\Local\Programs\Python\Python310\Scripts;;C:\eclipse-jee-2025-06-R-win32-x86_64\eclipse;
USERNAME=dell
OS=Windows_NT
PROCESSOR_IDENTIFIER=Intel64 Family 6 Model 69 Stepping 1, GenuineIntel
TMP=C:\PROGRA~1\KMSpico\temp
TEMP=C:\PROGRA~1\KMSpico\temp




Periodic native trim disabled

---------------  S Y S T E M  ---------------

OS:
 Windows 10 , 64 bit Build 19041 (10.0.19041.5915)
OS uptime: 13 days 11:06 hours

CPU: total 4 (initial active 4) (2 cores per cpu, 2 threads per core) family 6 model 69 stepping 1 microcode 0x25, cx8, cmov, fxsr, ht, mmx, sse, sse2, sse3, ssse3, sse4.1, sse4.2, popcnt, lzcnt, tsc, tscinvbit, avx, avx2, aes, erms, clmul, bmi1, bmi2, fma, vzeroupper, clflush, rdtscp, f16c
Processor Information for the first 4 processors :
  Max Mhz: 2501, Current Mhz: 2501, Mhz Limit: 2501

Memory: 4k page, system-wide physical 8097M (2034M free)
TotalPageFile size 32668M (AvailPageFile size 39M)
current process WorkingSet (physical memory assigned to process): 11M, peak: 11M
current process commit charge ("private bytes"): 52M, peak: 180M

vm_info: Java HotSpot(TM) 64-Bit Server VM (24.0.2+12-54) for windows-amd64 JRE (24.0.2+12-54), built on 2025-07-08T12:10:27Z with MS VC++ 17.6 (VS2022)

END.
